// Jest Snapshot v1, https://goo.gl/fbAQLP

exports[`Layout component matches snapshot 1`] = `
<DocumentFragment>
  <div
    class="flex flex-col h-screen w-full bg-gray-300 overflow-hidden"
  >
    <div
      class="flex justify-between items-center h-[52px] lg:h-[60px] z-20 fixed w-full top-0 left-0 bg-sky-600"
    >
      <p
        class="text-white font-semibold ml-6 text-lg"
      >
        Park Rater
      </p>
    </div>
    <div
      class="flex flex-col flex-grow h-full min-h-content bg-whitemt-[52px] lg:mt-[60px] overflow-hidden"
    >
      <div>
        Home
      </div>
    </div>
  </div>
</DocumentFragment>
`;
